// Jest Snapshot v1, https://goo.gl/fbAQLP

exports[`Best Seller Card Correct Render 1`] = `
{
  "asFragment": [Function],
  "baseElement": <body>
    <div>
      <a
        class="container"
        data-testid="bestSellerCard-container"
        href="/product/undefined"
      >
        <div
          class="image"
        >
          <img
            alt=""
          />
        </div>
        <div
          class="desc"
        >
          <h5 />
          <p
            class="price"
          >
            Rp. 
            0
          </p>
          <p
            class="org"
          />
          <p
            class="sold"
          >
            <span>
              Product telah dibeli
            </span>
             
             
            <span>
              kali
            </span>
          </p>
        </div>
      </a>
    </div>
  </body>,
  "container": <div>
    <a
      class="container"
      data-testid="bestSellerCard-container"
      href="/product/undefined"
    >
      <div
        class="image"
      >
        <img
          alt=""
        />
      </div>
      <div
        class="desc"
      >
        <h5 />
        <p
          class="price"
        >
          Rp. 
          0
        </p>
        <p
          class="org"
        />
        <p
          class="sold"
        >
          <span>
            Product telah dibeli
          </span>
           
           
          <span>
            kali
          </span>
        </p>
      </div>
    </a>
  </div>,
  "debug": [Function],
  "findAllByAltText": [Function],
  "findAllByDisplayValue": [Function],
  "findAllByLabelText": [Function],
  "findAllByPlaceholderText": [Function],
  "findAllByRole": [Function],
  "findAllByTestId": [Function],
  "findAllByText": [Function],
  "findAllByTitle": [Function],
  "findByAltText": [Function],
  "findByDisplayValue": [Function],
  "findByLabelText": [Function],
  "findByPlaceholderText": [Function],
  "findByRole": [Function],
  "findByTestId": [Function],
  "findByText": [Function],
  "findByTitle": [Function],
  "getAllByAltText": [Function],
  "getAllByDisplayValue": [Function],
  "getAllByLabelText": [Function],
  "getAllByPlaceholderText": [Function],
  "getAllByRole": [Function],
  "getAllByTestId": [Function],
  "getAllByText": [Function],
  "getAllByTitle": [Function],
  "getByAltText": [Function],
  "getByDisplayValue": [Function],
  "getByLabelText": [Function],
  "getByPlaceholderText": [Function],
  "getByRole": [Function],
  "getByTestId": [Function],
  "getByText": [Function],
  "getByTitle": [Function],
  "queryAllByAltText": [Function],
  "queryAllByDisplayValue": [Function],
  "queryAllByLabelText": [Function],
  "queryAllByPlaceholderText": [Function],
  "queryAllByRole": [Function],
  "queryAllByTestId": [Function],
  "queryAllByText": [Function],
  "queryAllByTitle": [Function],
  "queryByAltText": [Function],
  "queryByDisplayValue": [Function],
  "queryByLabelText": [Function],
  "queryByPlaceholderText": [Function],
  "queryByRole": [Function],
  "queryByTestId": [Function],
  "queryByText": [Function],
  "queryByTitle": [Function],
  "rerender": [Function],
  "unmount": [Function],
}
`;
