// Jest Snapshot v1, https://goo.gl/fbAQLP

exports[`Ordering Card Should match with snapshot 1`] = `
{
  "asFragment": [Function],
  "baseElement": <body>
    <div>
      <div
        class="orderingCard"
        data-testid="ordering-card-page"
      >
        <img
          alt="Img Failed"
          class="cardImage"
          data-testid="ordering-card-page-img"
        />
        <div
          class="cardContent"
        >
          <h4
            class="orderCode"
            data-testid="ordering-card-page-transaction-code"
          />
          <h4
            class="title"
            data-testid="ordering-card-page-title"
          />
          <div
            class="footer"
          >
            <div
              class="statusContainer"
            >
              <h5
                class="text"
              />
            </div>
          </div>
        </div>
      </div>
    </div>
  </body>,
  "container": <div>
    <div
      class="orderingCard"
      data-testid="ordering-card-page"
    >
      <img
        alt="Img Failed"
        class="cardImage"
        data-testid="ordering-card-page-img"
      />
      <div
        class="cardContent"
      >
        <h4
          class="orderCode"
          data-testid="ordering-card-page-transaction-code"
        />
        <h4
          class="title"
          data-testid="ordering-card-page-title"
        />
        <div
          class="footer"
        >
          <div
            class="statusContainer"
          >
            <h5
              class="text"
            />
          </div>
        </div>
      </div>
    </div>
  </div>,
  "debug": [Function],
  "findAllByAltText": [Function],
  "findAllByDisplayValue": [Function],
  "findAllByLabelText": [Function],
  "findAllByPlaceholderText": [Function],
  "findAllByRole": [Function],
  "findAllByTestId": [Function],
  "findAllByText": [Function],
  "findAllByTitle": [Function],
  "findByAltText": [Function],
  "findByDisplayValue": [Function],
  "findByLabelText": [Function],
  "findByPlaceholderText": [Function],
  "findByRole": [Function],
  "findByTestId": [Function],
  "findByText": [Function],
  "findByTitle": [Function],
  "getAllByAltText": [Function],
  "getAllByDisplayValue": [Function],
  "getAllByLabelText": [Function],
  "getAllByPlaceholderText": [Function],
  "getAllByRole": [Function],
  "getAllByTestId": [Function],
  "getAllByText": [Function],
  "getAllByTitle": [Function],
  "getByAltText": [Function],
  "getByDisplayValue": [Function],
  "getByLabelText": [Function],
  "getByPlaceholderText": [Function],
  "getByRole": [Function],
  "getByTestId": [Function],
  "getByText": [Function],
  "getByTitle": [Function],
  "queryAllByAltText": [Function],
  "queryAllByDisplayValue": [Function],
  "queryAllByLabelText": [Function],
  "queryAllByPlaceholderText": [Function],
  "queryAllByRole": [Function],
  "queryAllByTestId": [Function],
  "queryAllByText": [Function],
  "queryAllByTitle": [Function],
  "queryByAltText": [Function],
  "queryByDisplayValue": [Function],
  "queryByLabelText": [Function],
  "queryByPlaceholderText": [Function],
  "queryByRole": [Function],
  "queryByTestId": [Function],
  "queryByText": [Function],
  "queryByTitle": [Function],
  "rerender": [Function],
  "unmount": [Function],
}
`;
