// Jest Snapshot v1, https://goo.gl/fbAQLP

exports[`Register Page Should match with snapshot 1`] = `
{
  "asFragment": [Function],
  "baseElement": <body>
    <div>
      <div
        data-testid="register-page"
      >
        <main
          class="MuiGrid-root MuiGrid-container css-1jrn2fe-MuiGrid-root"
        >
          <div
            class="MuiGrid-root MuiGrid-item MuiGrid-grid-sm-4 MuiGrid-grid-md-7 css-1gbzzw4-MuiGrid-root"
          />
          <div
            class="MuiPaper-root MuiPaper-elevation MuiPaper-elevation6 MuiGrid-root MuiGrid-item MuiGrid-grid-xs-12 MuiGrid-grid-sm-8 MuiGrid-grid-md-5 css-gadse4-MuiPaper-root-MuiGrid-root"
          >
            <div
              class="MuiBox-root css-1y8ugea"
            >
              <h1
                class="MuiTypography-root MuiTypography-h5 css-ag7rrr-MuiTypography-root"
              >
                Daftar
              </h1>
              <form
                class="MuiBox-root css-164r41r"
                novalidate=""
              >
                <div
                  class="MuiFormControl-root MuiFormControl-marginNormal MuiFormControl-fullWidth MuiTextField-root css-17vbkzs-MuiFormControl-root-MuiTextField-root"
                >
                  <label
                    class="MuiFormLabel-root MuiInputLabel-root MuiInputLabel-formControl MuiInputLabel-animated MuiInputLabel-sizeSmall MuiInputLabel-outlined MuiFormLabel-colorPrimary Mui-required MuiInputLabel-root MuiInputLabel-formControl MuiInputLabel-animated MuiInputLabel-sizeSmall MuiInputLabel-outlined css-1pysi21-MuiFormLabel-root-MuiInputLabel-root"
                    data-shrink="false"
                    for="fullname"
                    id="fullname-label"
                  >
                    Nama Lengkap
                    <span
                      aria-hidden="true"
                      class="MuiFormLabel-asterisk MuiInputLabel-asterisk css-wgai2y-MuiFormLabel-asterisk"
                    >
                       
                      *
                    </span>
                  </label>
                  <div
                    class="MuiInputBase-root MuiOutlinedInput-root MuiInputBase-colorPrimary MuiInputBase-fullWidth MuiInputBase-formControl MuiInputBase-sizeSmall css-md26zr-MuiInputBase-root-MuiOutlinedInput-root"
                  >
                    <input
                      aria-invalid="false"
                      class="MuiInputBase-input MuiOutlinedInput-input MuiInputBase-inputSizeSmall css-1n4twyu-MuiInputBase-input-MuiOutlinedInput-input"
                      id="fullname"
                      name="fullname"
                      required=""
                      type="text"
                      value=""
                    />
                    <fieldset
                      aria-hidden="true"
                      class="MuiOutlinedInput-notchedOutline css-1d3z3hw-MuiOutlinedInput-notchedOutline"
                    >
                      <legend
                        class="css-yjsfm1"
                      >
                        <span>
                          Nama Lengkap
                           
                          *
                        </span>
                      </legend>
                    </fieldset>
                  </div>
                </div>
                <div
                  class="MuiFormControl-root MuiFormControl-marginNormal MuiFormControl-fullWidth MuiTextField-root css-17vbkzs-MuiFormControl-root-MuiTextField-root"
                >
                  <label
                    class="MuiFormLabel-root MuiInputLabel-root MuiInputLabel-formControl MuiInputLabel-animated MuiInputLabel-shrink MuiInputLabel-sizeSmall MuiInputLabel-outlined MuiFormLabel-colorPrimary Mui-required MuiInputLabel-root MuiInputLabel-formControl MuiInputLabel-animated MuiInputLabel-shrink MuiInputLabel-sizeSmall MuiInputLabel-outlined css-1jy569b-MuiFormLabel-root-MuiInputLabel-root"
                    data-shrink="true"
                    for=":rm:"
                    id=":rm:-label"
                  >
                    Date of Birth
                    <span
                      aria-hidden="true"
                      class="MuiFormLabel-asterisk MuiInputLabel-asterisk css-wgai2y-MuiFormLabel-asterisk"
                    >
                       
                      *
                    </span>
                  </label>
                  <div
                    class="MuiInputBase-root MuiOutlinedInput-root MuiInputBase-colorPrimary MuiInputBase-fullWidth MuiInputBase-formControl MuiInputBase-sizeSmall css-md26zr-MuiInputBase-root-MuiOutlinedInput-root"
                  >
                    <input
                      aria-invalid="false"
                      class="MuiInputBase-input MuiOutlinedInput-input MuiInputBase-inputSizeSmall css-1n4twyu-MuiInputBase-input-MuiOutlinedInput-input"
                      id=":rm:"
                      name="dob"
                      type="date"
                      value=""
                    />
                    <fieldset
                      aria-hidden="true"
                      class="MuiOutlinedInput-notchedOutline css-1d3z3hw-MuiOutlinedInput-notchedOutline"
                    >
                      <legend
                        class="css-14lo706"
                      >
                        <span>
                          Date of Birth
                        </span>
                      </legend>
                    </fieldset>
                  </div>
                </div>
                <div
                  class="MuiFormControl-root MuiFormControl-marginNormal MuiFormControl-fullWidth MuiTextField-root css-17vbkzs-MuiFormControl-root-MuiTextField-root"
                >
                  <label
                    class="MuiFormLabel-root MuiInputLabel-root MuiInputLabel-formControl MuiInputLabel-animated MuiInputLabel-shrink MuiInputLabel-sizeSmall MuiInputLabel-outlined MuiFormLabel-colorPrimary Mui-focused Mui-required MuiInputLabel-root MuiInputLabel-formControl MuiInputLabel-animated MuiInputLabel-shrink MuiInputLabel-sizeSmall MuiInputLabel-outlined css-1jy569b-MuiFormLabel-root-MuiInputLabel-root"
                    data-shrink="true"
                    for="email"
                    id="email-label"
                  >
                    Email
                    <span
                      aria-hidden="true"
                      class="MuiFormLabel-asterisk MuiInputLabel-asterisk css-wgai2y-MuiFormLabel-asterisk"
                    >
                       
                      *
                    </span>
                  </label>
                  <div
                    class="MuiInputBase-root MuiOutlinedInput-root MuiInputBase-colorPrimary MuiInputBase-fullWidth Mui-focused MuiInputBase-formControl MuiInputBase-sizeSmall css-md26zr-MuiInputBase-root-MuiOutlinedInput-root"
                  >
                    <input
                      aria-invalid="false"
                      autocomplete="email"
                      class="MuiInputBase-input MuiOutlinedInput-input MuiInputBase-inputSizeSmall css-1n4twyu-MuiInputBase-input-MuiOutlinedInput-input"
                      id="email"
                      name="email"
                      required=""
                      type="text"
                      value=""
                    />
                    <fieldset
                      aria-hidden="true"
                      class="MuiOutlinedInput-notchedOutline css-1d3z3hw-MuiOutlinedInput-notchedOutline"
                    >
                      <legend
                        class="css-14lo706"
                      >
                        <span>
                          Email
                           
                          *
                        </span>
                      </legend>
                    </fieldset>
                  </div>
                </div>
                <div
                  class="MuiFormControl-root MuiFormControl-marginNormal MuiFormControl-fullWidth MuiTextField-root css-17vbkzs-MuiFormControl-root-MuiTextField-root"
                >
                  <label
                    class="MuiFormLabel-root MuiInputLabel-root MuiInputLabel-formControl MuiInputLabel-animated MuiInputLabel-sizeSmall MuiInputLabel-outlined MuiFormLabel-colorPrimary Mui-required MuiInputLabel-root MuiInputLabel-formControl MuiInputLabel-animated MuiInputLabel-sizeSmall MuiInputLabel-outlined css-1pysi21-MuiFormLabel-root-MuiInputLabel-root"
                    data-shrink="false"
                    for="password"
                    id="password-label"
                  >
                    Kata Sandi
                    <span
                      aria-hidden="true"
                      class="MuiFormLabel-asterisk MuiInputLabel-asterisk css-wgai2y-MuiFormLabel-asterisk"
                    >
                       
                      *
                    </span>
                  </label>
                  <div
                    class="MuiInputBase-root MuiOutlinedInput-root MuiInputBase-colorPrimary MuiInputBase-fullWidth MuiInputBase-formControl MuiInputBase-sizeSmall css-md26zr-MuiInputBase-root-MuiOutlinedInput-root"
                  >
                    <input
                      aria-invalid="false"
                      autocomplete="current-password"
                      class="MuiInputBase-input MuiOutlinedInput-input MuiInputBase-inputSizeSmall css-1n4twyu-MuiInputBase-input-MuiOutlinedInput-input"
                      id="password"
                      name="password"
                      required=""
                      type="password"
                      value=""
                    />
                    <fieldset
                      aria-hidden="true"
                      class="MuiOutlinedInput-notchedOutline css-1d3z3hw-MuiOutlinedInput-notchedOutline"
                    >
                      <legend
                        class="css-yjsfm1"
                      >
                        <span>
                          Kata Sandi
                           
                          *
                        </span>
                      </legend>
                    </fieldset>
                  </div>
                </div>
                <div
                  class="MuiFormControl-root MuiFormControl-marginNormal MuiFormControl-fullWidth MuiTextField-root css-17vbkzs-MuiFormControl-root-MuiTextField-root"
                >
                  <label
                    class="MuiFormLabel-root MuiInputLabel-root MuiInputLabel-formControl MuiInputLabel-animated MuiInputLabel-sizeSmall MuiInputLabel-outlined MuiFormLabel-colorPrimary Mui-required MuiInputLabel-root MuiInputLabel-formControl MuiInputLabel-animated MuiInputLabel-sizeSmall MuiInputLabel-outlined css-1pysi21-MuiFormLabel-root-MuiInputLabel-root"
                    data-shrink="false"
                    for="location"
                    id="location-label"
                  >
                    Lokasi
                    <span
                      aria-hidden="true"
                      class="MuiFormLabel-asterisk MuiInputLabel-asterisk css-wgai2y-MuiFormLabel-asterisk"
                    >
                       
                      *
                    </span>
                  </label>
                  <div
                    class="MuiInputBase-root MuiOutlinedInput-root MuiInputBase-colorPrimary MuiInputBase-fullWidth MuiInputBase-formControl MuiInputBase-sizeSmall css-md26zr-MuiInputBase-root-MuiOutlinedInput-root"
                  >
                    <input
                      aria-invalid="false"
                      class="MuiInputBase-input MuiOutlinedInput-input MuiInputBase-inputSizeSmall css-1n4twyu-MuiInputBase-input-MuiOutlinedInput-input"
                      id="location"
                      name="location"
                      required=""
                      type="text"
                      value=""
                    />
                    <fieldset
                      aria-hidden="true"
                      class="MuiOutlinedInput-notchedOutline css-1d3z3hw-MuiOutlinedInput-notchedOutline"
                    >
                      <legend
                        class="css-yjsfm1"
                      >
                        <span>
                          Lokasi
                           
                          *
                        </span>
                      </legend>
                    </fieldset>
                  </div>
                </div>
                <div
                  class="MuiAutocomplete-root MuiAutocomplete-hasClearIcon MuiAutocomplete-hasPopupIcon css-1xnbq41-MuiAutocomplete-root"
                  margin="normal"
                >
                  <div
                    class="MuiFormControl-root MuiFormControl-marginNormal MuiFormControl-fullWidth MuiTextField-root css-17vbkzs-MuiFormControl-root-MuiTextField-root"
                  >
                    <label
                      class="MuiFormLabel-root MuiInputLabel-root MuiInputLabel-formControl MuiInputLabel-animated MuiInputLabel-sizeSmall MuiInputLabel-outlined MuiFormLabel-colorPrimary Mui-required MuiInputLabel-root MuiInputLabel-formControl MuiInputLabel-animated MuiInputLabel-sizeSmall MuiInputLabel-outlined css-1pysi21-MuiFormLabel-root-MuiInputLabel-root"
                      data-shrink="false"
                      for="role"
                      id="role-label"
                    >
                      Role
                      <span
                        aria-hidden="true"
                        class="MuiFormLabel-asterisk MuiInputLabel-asterisk css-wgai2y-MuiFormLabel-asterisk"
                      >
                         
                        *
                      </span>
                    </label>
                    <div
                      class="MuiInputBase-root MuiOutlinedInput-root MuiInputBase-colorPrimary MuiInputBase-fullWidth MuiInputBase-formControl MuiInputBase-sizeSmall MuiInputBase-adornedEnd MuiAutocomplete-inputRoot css-154xyx0-MuiInputBase-root-MuiOutlinedInput-root"
                    >
                      <input
                        aria-autocomplete="list"
                        aria-expanded="false"
                        aria-invalid="false"
                        autocapitalize="none"
                        autocomplete="off"
                        class="MuiInputBase-input MuiOutlinedInput-input MuiInputBase-inputSizeSmall MuiInputBase-inputAdornedEnd MuiAutocomplete-input MuiAutocomplete-inputFocused css-19qh8xo-MuiInputBase-input-MuiOutlinedInput-input"
                        id="role"
                        name="role"
                        required=""
                        role="combobox"
                        spellcheck="false"
                        type="text"
                        value=""
                      />
                      <div
                        class="MuiAutocomplete-endAdornment css-1q60rmi-MuiAutocomplete-endAdornment"
                      >
                        <button
                          aria-label="Clear"
                          class="MuiButtonBase-root MuiIconButton-root MuiIconButton-sizeMedium MuiAutocomplete-clearIndicator css-1glvl0p-MuiButtonBase-root-MuiIconButton-root-MuiAutocomplete-clearIndicator"
                          tabindex="-1"
                          title="Clear"
                          type="button"
                        >
                          <svg
                            aria-hidden="true"
                            class="MuiSvgIcon-root MuiSvgIcon-fontSizeSmall css-ptiqhd-MuiSvgIcon-root"
                            data-testid="CloseIcon"
                            focusable="false"
                            viewBox="0 0 24 24"
                          >
                            <path
                              d="M19 6.41L17.59 5 12 10.59 6.41 5 5 6.41 10.59 12 5 17.59 6.41 19 12 13.41 17.59 19 19 17.59 13.41 12z"
                            />
                          </svg>
                          <span
                            class="MuiTouchRipple-root css-8je8zh-MuiTouchRipple-root"
                          />
                        </button>
                        <button
                          aria-label="Open"
                          class="MuiButtonBase-root MuiIconButton-root MuiIconButton-sizeMedium MuiAutocomplete-popupIndicator css-qzbt6i-MuiButtonBase-root-MuiIconButton-root-MuiAutocomplete-popupIndicator"
                          tabindex="-1"
                          title="Open"
                          type="button"
                        >
                          <svg
                            aria-hidden="true"
                            class="MuiSvgIcon-root MuiSvgIcon-fontSizeMedium css-i4bv87-MuiSvgIcon-root"
                            data-testid="ArrowDropDownIcon"
                            focusable="false"
                            viewBox="0 0 24 24"
                          >
                            <path
                              d="M7 10l5 5 5-5z"
                            />
                          </svg>
                          <span
                            class="MuiTouchRipple-root css-8je8zh-MuiTouchRipple-root"
                          />
                        </button>
                      </div>
                      <fieldset
                        aria-hidden="true"
                        class="MuiOutlinedInput-notchedOutline css-1d3z3hw-MuiOutlinedInput-notchedOutline"
                      >
                        <legend
                          class="css-yjsfm1"
                        >
                          <span>
                            Role
                             
                            *
                          </span>
                        </legend>
                      </fieldset>
                    </div>
                  </div>
                </div>
                <button
                  class="MuiButtonBase-root MuiButton-root MuiButton-contained MuiButton-containedPrimary MuiButton-sizeSmall MuiButton-containedSizeSmall MuiButton-fullWidth MuiButton-root MuiButton-contained MuiButton-containedPrimary MuiButton-sizeSmall MuiButton-containedSizeSmall MuiButton-fullWidth css-1sze24h-MuiButtonBase-root-MuiButton-root"
                  data-testid="register-button-submit"
                  tabindex="0"
                  type="submit"
                >
                  Daftar
                  <span
                    class="MuiTouchRipple-root css-8je8zh-MuiTouchRipple-root"
                  />
                </button>
                <div
                  class="register"
                  data-testid="login-button"
                >
                  <h5>
                    Sudah punya akun? Masuk di sini 
                  </h5>
                </div>
              </form>
            </div>
          </div>
        </main>
      </div>
    </div>
  </body>,
  "container": <div>
    <div
      data-testid="register-page"
    >
      <main
        class="MuiGrid-root MuiGrid-container css-1jrn2fe-MuiGrid-root"
      >
        <div
          class="MuiGrid-root MuiGrid-item MuiGrid-grid-sm-4 MuiGrid-grid-md-7 css-1gbzzw4-MuiGrid-root"
        />
        <div
          class="MuiPaper-root MuiPaper-elevation MuiPaper-elevation6 MuiGrid-root MuiGrid-item MuiGrid-grid-xs-12 MuiGrid-grid-sm-8 MuiGrid-grid-md-5 css-gadse4-MuiPaper-root-MuiGrid-root"
        >
          <div
            class="MuiBox-root css-1y8ugea"
          >
            <h1
              class="MuiTypography-root MuiTypography-h5 css-ag7rrr-MuiTypography-root"
            >
              Daftar
            </h1>
            <form
              class="MuiBox-root css-164r41r"
              novalidate=""
            >
              <div
                class="MuiFormControl-root MuiFormControl-marginNormal MuiFormControl-fullWidth MuiTextField-root css-17vbkzs-MuiFormControl-root-MuiTextField-root"
              >
                <label
                  class="MuiFormLabel-root MuiInputLabel-root MuiInputLabel-formControl MuiInputLabel-animated MuiInputLabel-sizeSmall MuiInputLabel-outlined MuiFormLabel-colorPrimary Mui-required MuiInputLabel-root MuiInputLabel-formControl MuiInputLabel-animated MuiInputLabel-sizeSmall MuiInputLabel-outlined css-1pysi21-MuiFormLabel-root-MuiInputLabel-root"
                  data-shrink="false"
                  for="fullname"
                  id="fullname-label"
                >
                  Nama Lengkap
                  <span
                    aria-hidden="true"
                    class="MuiFormLabel-asterisk MuiInputLabel-asterisk css-wgai2y-MuiFormLabel-asterisk"
                  >
                     
                    *
                  </span>
                </label>
                <div
                  class="MuiInputBase-root MuiOutlinedInput-root MuiInputBase-colorPrimary MuiInputBase-fullWidth MuiInputBase-formControl MuiInputBase-sizeSmall css-md26zr-MuiInputBase-root-MuiOutlinedInput-root"
                >
                  <input
                    aria-invalid="false"
                    class="MuiInputBase-input MuiOutlinedInput-input MuiInputBase-inputSizeSmall css-1n4twyu-MuiInputBase-input-MuiOutlinedInput-input"
                    id="fullname"
                    name="fullname"
                    required=""
                    type="text"
                    value=""
                  />
                  <fieldset
                    aria-hidden="true"
                    class="MuiOutlinedInput-notchedOutline css-1d3z3hw-MuiOutlinedInput-notchedOutline"
                  >
                    <legend
                      class="css-yjsfm1"
                    >
                      <span>
                        Nama Lengkap
                         
                        *
                      </span>
                    </legend>
                  </fieldset>
                </div>
              </div>
              <div
                class="MuiFormControl-root MuiFormControl-marginNormal MuiFormControl-fullWidth MuiTextField-root css-17vbkzs-MuiFormControl-root-MuiTextField-root"
              >
                <label
                  class="MuiFormLabel-root MuiInputLabel-root MuiInputLabel-formControl MuiInputLabel-animated MuiInputLabel-shrink MuiInputLabel-sizeSmall MuiInputLabel-outlined MuiFormLabel-colorPrimary Mui-required MuiInputLabel-root MuiInputLabel-formControl MuiInputLabel-animated MuiInputLabel-shrink MuiInputLabel-sizeSmall MuiInputLabel-outlined css-1jy569b-MuiFormLabel-root-MuiInputLabel-root"
                  data-shrink="true"
                  for=":rm:"
                  id=":rm:-label"
                >
                  Date of Birth
                  <span
                    aria-hidden="true"
                    class="MuiFormLabel-asterisk MuiInputLabel-asterisk css-wgai2y-MuiFormLabel-asterisk"
                  >
                     
                    *
                  </span>
                </label>
                <div
                  class="MuiInputBase-root MuiOutlinedInput-root MuiInputBase-colorPrimary MuiInputBase-fullWidth MuiInputBase-formControl MuiInputBase-sizeSmall css-md26zr-MuiInputBase-root-MuiOutlinedInput-root"
                >
                  <input
                    aria-invalid="false"
                    class="MuiInputBase-input MuiOutlinedInput-input MuiInputBase-inputSizeSmall css-1n4twyu-MuiInputBase-input-MuiOutlinedInput-input"
                    id=":rm:"
                    name="dob"
                    type="date"
                    value=""
                  />
                  <fieldset
                    aria-hidden="true"
                    class="MuiOutlinedInput-notchedOutline css-1d3z3hw-MuiOutlinedInput-notchedOutline"
                  >
                    <legend
                      class="css-14lo706"
                    >
                      <span>
                        Date of Birth
                      </span>
                    </legend>
                  </fieldset>
                </div>
              </div>
              <div
                class="MuiFormControl-root MuiFormControl-marginNormal MuiFormControl-fullWidth MuiTextField-root css-17vbkzs-MuiFormControl-root-MuiTextField-root"
              >
                <label
                  class="MuiFormLabel-root MuiInputLabel-root MuiInputLabel-formControl MuiInputLabel-animated MuiInputLabel-shrink MuiInputLabel-sizeSmall MuiInputLabel-outlined MuiFormLabel-colorPrimary Mui-focused Mui-required MuiInputLabel-root MuiInputLabel-formControl MuiInputLabel-animated MuiInputLabel-shrink MuiInputLabel-sizeSmall MuiInputLabel-outlined css-1jy569b-MuiFormLabel-root-MuiInputLabel-root"
                  data-shrink="true"
                  for="email"
                  id="email-label"
                >
                  Email
                  <span
                    aria-hidden="true"
                    class="MuiFormLabel-asterisk MuiInputLabel-asterisk css-wgai2y-MuiFormLabel-asterisk"
                  >
                     
                    *
                  </span>
                </label>
                <div
                  class="MuiInputBase-root MuiOutlinedInput-root MuiInputBase-colorPrimary MuiInputBase-fullWidth Mui-focused MuiInputBase-formControl MuiInputBase-sizeSmall css-md26zr-MuiInputBase-root-MuiOutlinedInput-root"
                >
                  <input
                    aria-invalid="false"
                    autocomplete="email"
                    class="MuiInputBase-input MuiOutlinedInput-input MuiInputBase-inputSizeSmall css-1n4twyu-MuiInputBase-input-MuiOutlinedInput-input"
                    id="email"
                    name="email"
                    required=""
                    type="text"
                    value=""
                  />
                  <fieldset
                    aria-hidden="true"
                    class="MuiOutlinedInput-notchedOutline css-1d3z3hw-MuiOutlinedInput-notchedOutline"
                  >
                    <legend
                      class="css-14lo706"
                    >
                      <span>
                        Email
                         
                        *
                      </span>
                    </legend>
                  </fieldset>
                </div>
              </div>
              <div
                class="MuiFormControl-root MuiFormControl-marginNormal MuiFormControl-fullWidth MuiTextField-root css-17vbkzs-MuiFormControl-root-MuiTextField-root"
              >
                <label
                  class="MuiFormLabel-root MuiInputLabel-root MuiInputLabel-formControl MuiInputLabel-animated MuiInputLabel-sizeSmall MuiInputLabel-outlined MuiFormLabel-colorPrimary Mui-required MuiInputLabel-root MuiInputLabel-formControl MuiInputLabel-animated MuiInputLabel-sizeSmall MuiInputLabel-outlined css-1pysi21-MuiFormLabel-root-MuiInputLabel-root"
                  data-shrink="false"
                  for="password"
                  id="password-label"
                >
                  Kata Sandi
                  <span
                    aria-hidden="true"
                    class="MuiFormLabel-asterisk MuiInputLabel-asterisk css-wgai2y-MuiFormLabel-asterisk"
                  >
                     
                    *
                  </span>
                </label>
                <div
                  class="MuiInputBase-root MuiOutlinedInput-root MuiInputBase-colorPrimary MuiInputBase-fullWidth MuiInputBase-formControl MuiInputBase-sizeSmall css-md26zr-MuiInputBase-root-MuiOutlinedInput-root"
                >
                  <input
                    aria-invalid="false"
                    autocomplete="current-password"
                    class="MuiInputBase-input MuiOutlinedInput-input MuiInputBase-inputSizeSmall css-1n4twyu-MuiInputBase-input-MuiOutlinedInput-input"
                    id="password"
                    name="password"
                    required=""
                    type="password"
                    value=""
                  />
                  <fieldset
                    aria-hidden="true"
                    class="MuiOutlinedInput-notchedOutline css-1d3z3hw-MuiOutlinedInput-notchedOutline"
                  >
                    <legend
                      class="css-yjsfm1"
                    >
                      <span>
                        Kata Sandi
                         
                        *
                      </span>
                    </legend>
                  </fieldset>
                </div>
              </div>
              <div
                class="MuiFormControl-root MuiFormControl-marginNormal MuiFormControl-fullWidth MuiTextField-root css-17vbkzs-MuiFormControl-root-MuiTextField-root"
              >
                <label
                  class="MuiFormLabel-root MuiInputLabel-root MuiInputLabel-formControl MuiInputLabel-animated MuiInputLabel-sizeSmall MuiInputLabel-outlined MuiFormLabel-colorPrimary Mui-required MuiInputLabel-root MuiInputLabel-formControl MuiInputLabel-animated MuiInputLabel-sizeSmall MuiInputLabel-outlined css-1pysi21-MuiFormLabel-root-MuiInputLabel-root"
                  data-shrink="false"
                  for="location"
                  id="location-label"
                >
                  Lokasi
                  <span
                    aria-hidden="true"
                    class="MuiFormLabel-asterisk MuiInputLabel-asterisk css-wgai2y-MuiFormLabel-asterisk"
                  >
                     
                    *
                  </span>
                </label>
                <div
                  class="MuiInputBase-root MuiOutlinedInput-root MuiInputBase-colorPrimary MuiInputBase-fullWidth MuiInputBase-formControl MuiInputBase-sizeSmall css-md26zr-MuiInputBase-root-MuiOutlinedInput-root"
                >
                  <input
                    aria-invalid="false"
                    class="MuiInputBase-input MuiOutlinedInput-input MuiInputBase-inputSizeSmall css-1n4twyu-MuiInputBase-input-MuiOutlinedInput-input"
                    id="location"
                    name="location"
                    required=""
                    type="text"
                    value=""
                  />
                  <fieldset
                    aria-hidden="true"
                    class="MuiOutlinedInput-notchedOutline css-1d3z3hw-MuiOutlinedInput-notchedOutline"
                  >
                    <legend
                      class="css-yjsfm1"
                    >
                      <span>
                        Lokasi
                         
                        *
                      </span>
                    </legend>
                  </fieldset>
                </div>
              </div>
              <div
                class="MuiAutocomplete-root MuiAutocomplete-hasClearIcon MuiAutocomplete-hasPopupIcon css-1xnbq41-MuiAutocomplete-root"
                margin="normal"
              >
                <div
                  class="MuiFormControl-root MuiFormControl-marginNormal MuiFormControl-fullWidth MuiTextField-root css-17vbkzs-MuiFormControl-root-MuiTextField-root"
                >
                  <label
                    class="MuiFormLabel-root MuiInputLabel-root MuiInputLabel-formControl MuiInputLabel-animated MuiInputLabel-sizeSmall MuiInputLabel-outlined MuiFormLabel-colorPrimary Mui-required MuiInputLabel-root MuiInputLabel-formControl MuiInputLabel-animated MuiInputLabel-sizeSmall MuiInputLabel-outlined css-1pysi21-MuiFormLabel-root-MuiInputLabel-root"
                    data-shrink="false"
                    for="role"
                    id="role-label"
                  >
                    Role
                    <span
                      aria-hidden="true"
                      class="MuiFormLabel-asterisk MuiInputLabel-asterisk css-wgai2y-MuiFormLabel-asterisk"
                    >
                       
                      *
                    </span>
                  </label>
                  <div
                    class="MuiInputBase-root MuiOutlinedInput-root MuiInputBase-colorPrimary MuiInputBase-fullWidth MuiInputBase-formControl MuiInputBase-sizeSmall MuiInputBase-adornedEnd MuiAutocomplete-inputRoot css-154xyx0-MuiInputBase-root-MuiOutlinedInput-root"
                  >
                    <input
                      aria-autocomplete="list"
                      aria-expanded="false"
                      aria-invalid="false"
                      autocapitalize="none"
                      autocomplete="off"
                      class="MuiInputBase-input MuiOutlinedInput-input MuiInputBase-inputSizeSmall MuiInputBase-inputAdornedEnd MuiAutocomplete-input MuiAutocomplete-inputFocused css-19qh8xo-MuiInputBase-input-MuiOutlinedInput-input"
                      id="role"
                      name="role"
                      required=""
                      role="combobox"
                      spellcheck="false"
                      type="text"
                      value=""
                    />
                    <div
                      class="MuiAutocomplete-endAdornment css-1q60rmi-MuiAutocomplete-endAdornment"
                    >
                      <button
                        aria-label="Clear"
                        class="MuiButtonBase-root MuiIconButton-root MuiIconButton-sizeMedium MuiAutocomplete-clearIndicator css-1glvl0p-MuiButtonBase-root-MuiIconButton-root-MuiAutocomplete-clearIndicator"
                        tabindex="-1"
                        title="Clear"
                        type="button"
                      >
                        <svg
                          aria-hidden="true"
                          class="MuiSvgIcon-root MuiSvgIcon-fontSizeSmall css-ptiqhd-MuiSvgIcon-root"
                          data-testid="CloseIcon"
                          focusable="false"
                          viewBox="0 0 24 24"
                        >
                          <path
                            d="M19 6.41L17.59 5 12 10.59 6.41 5 5 6.41 10.59 12 5 17.59 6.41 19 12 13.41 17.59 19 19 17.59 13.41 12z"
                          />
                        </svg>
                        <span
                          class="MuiTouchRipple-root css-8je8zh-MuiTouchRipple-root"
                        />
                      </button>
                      <button
                        aria-label="Open"
                        class="MuiButtonBase-root MuiIconButton-root MuiIconButton-sizeMedium MuiAutocomplete-popupIndicator css-qzbt6i-MuiButtonBase-root-MuiIconButton-root-MuiAutocomplete-popupIndicator"
                        tabindex="-1"
                        title="Open"
                        type="button"
                      >
                        <svg
                          aria-hidden="true"
                          class="MuiSvgIcon-root MuiSvgIcon-fontSizeMedium css-i4bv87-MuiSvgIcon-root"
                          data-testid="ArrowDropDownIcon"
                          focusable="false"
                          viewBox="0 0 24 24"
                        >
                          <path
                            d="M7 10l5 5 5-5z"
                          />
                        </svg>
                        <span
                          class="MuiTouchRipple-root css-8je8zh-MuiTouchRipple-root"
                        />
                      </button>
                    </div>
                    <fieldset
                      aria-hidden="true"
                      class="MuiOutlinedInput-notchedOutline css-1d3z3hw-MuiOutlinedInput-notchedOutline"
                    >
                      <legend
                        class="css-yjsfm1"
                      >
                        <span>
                          Role
                           
                          *
                        </span>
                      </legend>
                    </fieldset>
                  </div>
                </div>
              </div>
              <button
                class="MuiButtonBase-root MuiButton-root MuiButton-contained MuiButton-containedPrimary MuiButton-sizeSmall MuiButton-containedSizeSmall MuiButton-fullWidth MuiButton-root MuiButton-contained MuiButton-containedPrimary MuiButton-sizeSmall MuiButton-containedSizeSmall MuiButton-fullWidth css-1sze24h-MuiButtonBase-root-MuiButton-root"
                data-testid="register-button-submit"
                tabindex="0"
                type="submit"
              >
                Daftar
                <span
                  class="MuiTouchRipple-root css-8je8zh-MuiTouchRipple-root"
                />
              </button>
              <div
                class="register"
                data-testid="login-button"
              >
                <h5>
                  Sudah punya akun? Masuk di sini 
                </h5>
              </div>
            </form>
          </div>
        </div>
      </main>
    </div>
  </div>,
  "debug": [Function],
  "findAllByAltText": [Function],
  "findAllByDisplayValue": [Function],
  "findAllByLabelText": [Function],
  "findAllByPlaceholderText": [Function],
  "findAllByRole": [Function],
  "findAllByTestId": [Function],
  "findAllByText": [Function],
  "findAllByTitle": [Function],
  "findByAltText": [Function],
  "findByDisplayValue": [Function],
  "findByLabelText": [Function],
  "findByPlaceholderText": [Function],
  "findByRole": [Function],
  "findByTestId": [Function],
  "findByText": [Function],
  "findByTitle": [Function],
  "getAllByAltText": [Function],
  "getAllByDisplayValue": [Function],
  "getAllByLabelText": [Function],
  "getAllByPlaceholderText": [Function],
  "getAllByRole": [Function],
  "getAllByTestId": [Function],
  "getAllByText": [Function],
  "getAllByTitle": [Function],
  "getByAltText": [Function],
  "getByDisplayValue": [Function],
  "getByLabelText": [Function],
  "getByPlaceholderText": [Function],
  "getByRole": [Function],
  "getByTestId": [Function],
  "getByText": [Function],
  "getByTitle": [Function],
  "queryAllByAltText": [Function],
  "queryAllByDisplayValue": [Function],
  "queryAllByLabelText": [Function],
  "queryAllByPlaceholderText": [Function],
  "queryAllByRole": [Function],
  "queryAllByTestId": [Function],
  "queryAllByText": [Function],
  "queryAllByTitle": [Function],
  "queryByAltText": [Function],
  "queryByDisplayValue": [Function],
  "queryByLabelText": [Function],
  "queryByPlaceholderText": [Function],
  "queryByRole": [Function],
  "queryByTestId": [Function],
  "queryByText": [Function],
  "queryByTitle": [Function],
  "rerender": [Function],
  "unmount": [Function],
}
`;
