// Jest Snapshot v1, https://goo.gl/fbAQLP

exports[`Best Seller Card Correct Render 1`] = `
{
  "asFragment": [Function],
  "baseElement": <body>
    <div>
      <div
        data-testid="changePassword-container"
      >
        <div
          class="containerTitle"
        >
          <a
            href="/"
          >
            <svg
              aria-hidden="true"
              class="MuiSvgIcon-root MuiSvgIcon-fontSizeMedium css-i4bv87-MuiSvgIcon-root"
              data-testid="ArrowBackIcon"
              focusable="false"
              viewBox="0 0 24 24"
            >
              <path
                d="M20 11H7.83l5.59-5.59L12 4l-8 8 8 8 1.41-1.41L7.83 13H20v-2z"
              />
            </svg>
          </a>
          <h3>
            Kata Sandi
          </h3>
        </div>
        <label
          class="label"
          for="oldPassword"
        >
          Kata Sandi Lama
        </label>
        <input
          class="input"
          id="oldPassword"
          type="password"
          value=""
        />
        <label
          class="label"
          for="newPassword"
        >
          Kata Sandi Baru
        </label>
        <input
          class="input"
          id="newPassword"
          type="password"
          value=""
        />
        <label
          class="label"
          for="confirmNewPass"
        >
          Konfirmasi Kata Sandi
        </label>
        <input
          class="input"
          id="confirmNewPass"
          type="password"
          value=""
        />
        <div
          class="buttonConatainer"
        >
          <button
            class="button"
            type="button"
          >
            Simpan
          </button>
        </div>
      </div>
    </div>
  </body>,
  "container": <div>
    <div
      data-testid="changePassword-container"
    >
      <div
        class="containerTitle"
      >
        <a
          href="/"
        >
          <svg
            aria-hidden="true"
            class="MuiSvgIcon-root MuiSvgIcon-fontSizeMedium css-i4bv87-MuiSvgIcon-root"
            data-testid="ArrowBackIcon"
            focusable="false"
            viewBox="0 0 24 24"
          >
            <path
              d="M20 11H7.83l5.59-5.59L12 4l-8 8 8 8 1.41-1.41L7.83 13H20v-2z"
            />
          </svg>
        </a>
        <h3>
          Kata Sandi
        </h3>
      </div>
      <label
        class="label"
        for="oldPassword"
      >
        Kata Sandi Lama
      </label>
      <input
        class="input"
        id="oldPassword"
        type="password"
        value=""
      />
      <label
        class="label"
        for="newPassword"
      >
        Kata Sandi Baru
      </label>
      <input
        class="input"
        id="newPassword"
        type="password"
        value=""
      />
      <label
        class="label"
        for="confirmNewPass"
      >
        Konfirmasi Kata Sandi
      </label>
      <input
        class="input"
        id="confirmNewPass"
        type="password"
        value=""
      />
      <div
        class="buttonConatainer"
      >
        <button
          class="button"
          type="button"
        >
          Simpan
        </button>
      </div>
    </div>
  </div>,
  "debug": [Function],
  "findAllByAltText": [Function],
  "findAllByDisplayValue": [Function],
  "findAllByLabelText": [Function],
  "findAllByPlaceholderText": [Function],
  "findAllByRole": [Function],
  "findAllByTestId": [Function],
  "findAllByText": [Function],
  "findAllByTitle": [Function],
  "findByAltText": [Function],
  "findByDisplayValue": [Function],
  "findByLabelText": [Function],
  "findByPlaceholderText": [Function],
  "findByRole": [Function],
  "findByTestId": [Function],
  "findByText": [Function],
  "findByTitle": [Function],
  "getAllByAltText": [Function],
  "getAllByDisplayValue": [Function],
  "getAllByLabelText": [Function],
  "getAllByPlaceholderText": [Function],
  "getAllByRole": [Function],
  "getAllByTestId": [Function],
  "getAllByText": [Function],
  "getAllByTitle": [Function],
  "getByAltText": [Function],
  "getByDisplayValue": [Function],
  "getByLabelText": [Function],
  "getByPlaceholderText": [Function],
  "getByRole": [Function],
  "getByTestId": [Function],
  "getByText": [Function],
  "getByTitle": [Function],
  "queryAllByAltText": [Function],
  "queryAllByDisplayValue": [Function],
  "queryAllByLabelText": [Function],
  "queryAllByPlaceholderText": [Function],
  "queryAllByRole": [Function],
  "queryAllByTestId": [Function],
  "queryAllByText": [Function],
  "queryAllByTitle": [Function],
  "queryByAltText": [Function],
  "queryByDisplayValue": [Function],
  "queryByLabelText": [Function],
  "queryByPlaceholderText": [Function],
  "queryByRole": [Function],
  "queryByTestId": [Function],
  "queryByText": [Function],
  "queryByTitle": [Function],
  "rerender": [Function],
  "unmount": [Function],
}
`;
