// Jest Snapshot v1, https://goo.gl/fbAQLP

exports[`Payment Summary Should match with snapshot 1`] = `
{
  "asFragment": [Function],
  "baseElement": <body>
    <div>
      <div
        class="componentContainer"
        data-testid="payment-page-payment-summary"
      >
        <h2
          class="title"
        >
          Ringkasan
        </h2>
        <h4
          class="pageTitleBig"
        />
        <div
          class="sumaryContainer"
        >
          <div
            class="data"
          >
            <p
              class="name"
            >
              Nomor Telepon
            </p>
            <p
              class="value"
            />
          </div>
          <div
            class="data"
            data-type="dirY"
          >
            <p
              class="name"
            >
              Alamat Pengiriman
            </p>
            <p
              class="value"
            />
          </div>
          <div
            class="data"
          >
            <p
              class="name"
            >
              Methode Pembayaran
            </p>
            <p
              class="value"
            />
          </div>
        </div>
        <div
          class="footer"
        >
          <h4
            class="footerTitle"
          >
            Total Pembayaran
          </h4>
          <div
            class="priceContainer"
          >
            <svg
              aria-hidden="true"
              class="MuiSvgIcon-root MuiSvgIcon-fontSizeMedium icon css-i4bv87-MuiSvgIcon-root"
              data-testid="LocalOfferIcon"
              focusable="false"
              viewBox="0 0 24 24"
            >
              <path
                d="m21.41 11.58-9-9C12.05 2.22 11.55 2 11 2H4c-1.1 0-2 .9-2 2v7c0 .55.22 1.05.59 1.42l9 9c.36.36.86.58 1.41.58.55 0 1.05-.22 1.41-.59l7-7c.37-.36.59-.86.59-1.41 0-.55-.23-1.06-.59-1.42zM5.5 7C4.67 7 4 6.33 4 5.5S4.67 4 5.5 4 7 4.67 7 5.5 6.33 7 5.5 7z"
              />
            </svg>
            <p
              class="priceValue"
              data-variant=""
            >
              Rp. 
              0
            </p>
          </div>
        </div>
      </div>
    </div>
  </body>,
  "container": <div>
    <div
      class="componentContainer"
      data-testid="payment-page-payment-summary"
    >
      <h2
        class="title"
      >
        Ringkasan
      </h2>
      <h4
        class="pageTitleBig"
      />
      <div
        class="sumaryContainer"
      >
        <div
          class="data"
        >
          <p
            class="name"
          >
            Nomor Telepon
          </p>
          <p
            class="value"
          />
        </div>
        <div
          class="data"
          data-type="dirY"
        >
          <p
            class="name"
          >
            Alamat Pengiriman
          </p>
          <p
            class="value"
          />
        </div>
        <div
          class="data"
        >
          <p
            class="name"
          >
            Methode Pembayaran
          </p>
          <p
            class="value"
          />
        </div>
      </div>
      <div
        class="footer"
      >
        <h4
          class="footerTitle"
        >
          Total Pembayaran
        </h4>
        <div
          class="priceContainer"
        >
          <svg
            aria-hidden="true"
            class="MuiSvgIcon-root MuiSvgIcon-fontSizeMedium icon css-i4bv87-MuiSvgIcon-root"
            data-testid="LocalOfferIcon"
            focusable="false"
            viewBox="0 0 24 24"
          >
            <path
              d="m21.41 11.58-9-9C12.05 2.22 11.55 2 11 2H4c-1.1 0-2 .9-2 2v7c0 .55.22 1.05.59 1.42l9 9c.36.36.86.58 1.41.58.55 0 1.05-.22 1.41-.59l7-7c.37-.36.59-.86.59-1.41 0-.55-.23-1.06-.59-1.42zM5.5 7C4.67 7 4 6.33 4 5.5S4.67 4 5.5 4 7 4.67 7 5.5 6.33 7 5.5 7z"
            />
          </svg>
          <p
            class="priceValue"
            data-variant=""
          >
            Rp. 
            0
          </p>
        </div>
      </div>
    </div>
  </div>,
  "debug": [Function],
  "findAllByAltText": [Function],
  "findAllByDisplayValue": [Function],
  "findAllByLabelText": [Function],
  "findAllByPlaceholderText": [Function],
  "findAllByRole": [Function],
  "findAllByTestId": [Function],
  "findAllByText": [Function],
  "findAllByTitle": [Function],
  "findByAltText": [Function],
  "findByDisplayValue": [Function],
  "findByLabelText": [Function],
  "findByPlaceholderText": [Function],
  "findByRole": [Function],
  "findByTestId": [Function],
  "findByText": [Function],
  "findByTitle": [Function],
  "getAllByAltText": [Function],
  "getAllByDisplayValue": [Function],
  "getAllByLabelText": [Function],
  "getAllByPlaceholderText": [Function],
  "getAllByRole": [Function],
  "getAllByTestId": [Function],
  "getAllByText": [Function],
  "getAllByTitle": [Function],
  "getByAltText": [Function],
  "getByDisplayValue": [Function],
  "getByLabelText": [Function],
  "getByPlaceholderText": [Function],
  "getByRole": [Function],
  "getByTestId": [Function],
  "getByText": [Function],
  "getByTitle": [Function],
  "queryAllByAltText": [Function],
  "queryAllByDisplayValue": [Function],
  "queryAllByLabelText": [Function],
  "queryAllByPlaceholderText": [Function],
  "queryAllByRole": [Function],
  "queryAllByTestId": [Function],
  "queryAllByText": [Function],
  "queryAllByTitle": [Function],
  "queryByAltText": [Function],
  "queryByDisplayValue": [Function],
  "queryByLabelText": [Function],
  "queryByPlaceholderText": [Function],
  "queryByRole": [Function],
  "queryByTestId": [Function],
  "queryByText": [Function],
  "queryByTitle": [Function],
  "rerender": [Function],
  "unmount": [Function],
}
`;
